<html>
<body>
<pre>
<h1>µVision Build Log</h1>
<h2>Project:</h2>
C:\Users\student\Desktop\Zasadni\ARCHIVE-7_TIMERY-1-2\zad 2\zad 2.uvproj
Project File Date:  05/27/2024

<h2>Output:</h2>
Build target 'Target 1'
assembling Startup.s...
compiling keyboard.c...
compiling led.c...
compiling main.c...
compiling timer.c...
linking...
Program Size: Code=1420 RO-data=32 RW-data=4 ZI-data=1260  
FromELF: creating hex file...
".\zad 2.axf" - 0 Errors, 0 Warning(s).
Build target 'Target 1'
compiling timer.c...
linking...
Program Size: Code=1420 RO-data=32 RW-data=4 ZI-data=1260  
FromELF: creating hex file...
".\zad 2.axf" - 0 Errors, 0 Warning(s).
Build target 'Target 1'
compiling main.c...
linking...
Program Size: Code=1428 RO-data=32 RW-data=4 ZI-data=1260  
FromELF: creating hex file...
".\zad 2.axf" - 0 Errors, 0 Warning(s).
Build target 'Target 1'
linking...
Program Size: Code=1428 RO-data=32 RW-data=4 ZI-data=1260  
FromELF: creating hex file...
".\zad 2.axf" - 0 Errors, 0 Warning(s).
Build target 'Target 1'
compiling main.c...
linking...
Program Size: Code=1420 RO-data=32 RW-data=4 ZI-data=1260  
FromELF: creating hex file...
".\zad 2.axf" - 0 Errors, 0 Warning(s).
Build target 'Target 1'
linking...
Program Size: Code=1420 RO-data=32 RW-data=4 ZI-data=1260  
FromELF: creating hex file...
".\zad 2.axf" - 0 Errors, 0 Warning(s).
Build target 'Target 1'
compiling timer.c...
linking...
Program Size: Code=1420 RO-data=32 RW-data=4 ZI-data=1260  
FromELF: creating hex file...
".\zad 2.axf" - 0 Errors, 0 Warning(s).
Build target 'Target 1'
compiling timer.c...
linking...
Program Size: Code=1420 RO-data=32 RW-data=4 ZI-data=1260  
FromELF: creating hex file...
".\zad 2.axf" - 0 Errors, 0 Warning(s).
Build target 'Target 1'
compiling timer.c...
linking...
Program Size: Code=1424 RO-data=32 RW-data=4 ZI-data=1260  
FromELF: creating hex file...
".\zad 2.axf" - 0 Errors, 0 Warning(s).
Build target 'Target 1'
compiling timer.c...
linking...
Program Size: Code=1420 RO-data=32 RW-data=4 ZI-data=1260  
FromELF: creating hex file...
".\zad 2.axf" - 0 Errors, 0 Warning(s).
Build target 'Target 1'
compiling timer.c...
linking...
Program Size: Code=1420 RO-data=32 RW-data=4 ZI-data=1260  
FromELF: creating hex file...
".\zad 2.axf" - 0 Errors, 0 Warning(s).
Build target 'Target 1'
compiling timer.c...
linking...
Program Size: Code=1420 RO-data=32 RW-data=4 ZI-data=1260  
FromELF: creating hex file...
".\zad 2.axf" - 0 Errors, 0 Warning(s).
Build target 'Target 1'
compiling timer.c...
linking...
Program Size: Code=1420 RO-data=32 RW-data=4 ZI-data=1260  
FromELF: creating hex file...
".\zad 2.axf" - 0 Errors, 0 Warning(s).
Build target 'Target 1'
compiling timer.c...
linking...
Program Size: Code=1420 RO-data=32 RW-data=4 ZI-data=1260  
FromELF: creating hex file...
".\zad 2.axf" - 0 Errors, 0 Warning(s).
Build target 'Target 1'
compiling timer.c...
linking...
Program Size: Code=1420 RO-data=32 RW-data=4 ZI-data=1260  
FromELF: creating hex file...
".\zad 2.axf" - 0 Errors, 0 Warning(s).
Build target 'Target 1'
compiling timer.c...
linking...
Program Size: Code=1444 RO-data=32 RW-data=4 ZI-data=1260  
FromELF: creating hex file...
".\zad 2.axf" - 0 Errors, 0 Warning(s).
Build target 'Target 1'
compiling main.c...
linking...
Program Size: Code=1444 RO-data=32 RW-data=4 ZI-data=1260  
FromELF: creating hex file...
".\zad 2.axf" - 0 Errors, 0 Warning(s).
Build target 'Target 1'
compiling timer.c...
linking...
Program Size: Code=1444 RO-data=32 RW-data=4 ZI-data=1260  
FromELF: creating hex file...
".\zad 2.axf" - 0 Errors, 0 Warning(s).
Build target 'Target 1'
compiling timer.c...
linking...
Program Size: Code=1436 RO-data=32 RW-data=4 ZI-data=1260  
FromELF: creating hex file...
".\zad 2.axf" - 0 Errors, 0 Warning(s).
Build target 'Target 1'
compiling timer.c...
linking...
Program Size: Code=1428 RO-data=32 RW-data=4 ZI-data=1260  
FromELF: creating hex file...
".\zad 2.axf" - 0 Errors, 0 Warning(s).
Build target 'Target 1'
compiling timer.c...
linking...
Program Size: Code=1460 RO-data=32 RW-data=4 ZI-data=1260  
FromELF: creating hex file...
".\zad 2.axf" - 0 Errors, 0 Warning(s).
Build target 'Target 1'
compiling timer.c...
linking...
Program Size: Code=1420 RO-data=32 RW-data=4 ZI-data=1260  
FromELF: creating hex file...
".\zad 2.axf" - 0 Errors, 0 Warning(s).
Build target 'Target 1'
linking...
Program Size: Code=1420 RO-data=32 RW-data=4 ZI-data=1260  
FromELF: creating hex file...
".\zad 2.axf" - 0 Errors, 0 Warning(s).
Clean started: Project: 'zad 2'
   deleting intermediate output files for target 'Target 1'
